>seq1-s
1	2	0	0	0
2	0	2	0	0
3	0	2	0	0
4	2	0	0	0
5	2	0	0	0
6	2	0	0	0
7	0	2	0	0
8	0	0	0	2
9	2	0	0	0
10	0	2	0	0
11	0	0	0	2
12	0	0	0	2
13	0	2	0	0
14	0	0	0	2
15	0	2	0	0
16	0	0	2	0
17	0	0	0	2
18	0	0	0	4
19	0	0	0	4
20	0	0	5	0
21	0	0	0	5
22	0	5	0	0
23	0	5	0	0
24	0	0	0	5
25	0	0	0	6
26	0	0	6	0
27	0	0	0	6
28	0	0	0	6
29	0	6	0	0
30	0	0	0	6
31	0	0	0	6
32	6	0	0	0
33	0	0	0	6
34	0	0	0	6
35	0	5	0	1
36	0	0	0	6
37	0	0	6	0
38	0	0	6	0
39	0	0	0	6
40	0	0	0	6
41	0	1	0	5
42	6	0	0	0
43	0	0	6	0
44	0	6	0	0
45	0	0	0	6
46	5	0	1	0
47	6	0	0	0
48	6	0	0	0
49	7	0	0	0
50	0	0	0	7
