>seq1
15316	0	9	0	0
15317	0	10	0	0
15318	10	0	0	0
15319	10	0	0	0
15320	10	0	0	0
15321	10	0	0	0
15322	0	0	0	10
15323	0	0	0	11
15324	0	0	0	10
15325	0	10	0	0
15326	0	10	0	0
15327	0	0	0	10
15328	0	0	10	0
15329	10	0	0	0
15330	0	0	10	0
15331	0	0	0	10
15332	10	0	0	0
15333	0	0	0	10
15334	0	0	0	10
15335	0	0	0	10
15336	0	0	0	10
15337	0	0	9	0
15338	0	9	0	0
15339	9	0	0	0
>seq2
1	5	0	4	0
2	3	0	6	0
3	9	0	0	0
4	0	10	0	0
5	10	0	0	0
6	0	0	0	10
7	0	0	10	0
8	10	0	0	0
9	0	0	6	5
10	0	12	0	0
11	0	0	0	12
12	0	0	0	12
13	0	0	12	0
14	0	12	0	0
15	0	0	0	12
16	0	0	12	0
>seq3
1	0	0	12	0
2	0	5	0	7
3	0	0	11	0
4	11	0	0	0
5	11	0	0	0
6	0	11	0	0
7	0	11	0	0
8	0	0	0	11
9	0	0	0	11
10	0	0	11	0
