fixedStep chrom=reference1 start=1 step=50 span=50
9
19
17
15
16
23
40
31
29
29
38
43
46.5
45.5
35
36
40
34
26
31
27
27
37
34
26
28
28
23
29
39
68
87
50
33
28
34
37
28
27
fixedStep chrom=reference2 start=1 step=50 span=50
25
46.5
34.5
46
42.5
22
23
24
23
31
41
47
48
49
134
166
